export const snapshot = {};

snapshot[`code_hightlight plugin 1`] = `
{
  formats: [
    {
      engines: 0,
      ext: ".page.toml",
      loader: [AsyncFunction: toml],
      pageType: "page",
    },
    {
      engines: 1,
      ext: ".page.ts",
      loader: [AsyncFunction: module],
      pageType: "page",
    },
    {
      engines: 1,
      ext: ".page.js",
      loader: [AsyncFunction: module],
      pageType: "page",
    },
    {
      engines: 0,
      ext: ".page.jsonc",
      loader: [AsyncFunction: json],
      pageType: "page",
    },
    {
      engines: 0,
      ext: ".page.json",
      loader: [AsyncFunction: json],
      pageType: "page",
    },
    {
      dataLoader: [AsyncFunction: json],
      engines: 0,
      ext: ".json",
      loader: [AsyncFunction: json],
    },
    {
      dataLoader: [AsyncFunction: json],
      engines: 0,
      ext: ".jsonc",
      loader: [AsyncFunction: json],
    },
    {
      engines: 1,
      ext: ".md",
      loader: [AsyncFunction: text],
      pageType: "page",
    },
    {
      engines: 1,
      ext: ".markdown",
      loader: [AsyncFunction: text],
      pageType: "page",
    },
    {
      dataLoader: [AsyncFunction: module],
      engines: 1,
      ext: ".js",
      loader: [AsyncFunction: module],
    },
    {
      dataLoader: [AsyncFunction: module],
      engines: 1,
      ext: ".ts",
      loader: [AsyncFunction: module],
    },
    {
      engines: 1,
      ext: ".vento",
      loader: [AsyncFunction: text],
      pageType: "page",
    },
    {
      engines: 1,
      ext: ".vto",
      loader: [AsyncFunction: text],
      pageType: "page",
    },
    {
      dataLoader: [AsyncFunction: toml],
      engines: 0,
      ext: ".toml",
      loader: [AsyncFunction: toml],
    },
    {
      dataLoader: [AsyncFunction: yaml],
      engines: 0,
      ext: ".yaml",
      loader: [AsyncFunction: yaml],
      pageType: "page",
    },
    {
      dataLoader: [AsyncFunction: yaml],
      engines: 0,
      ext: ".yml",
      loader: [AsyncFunction: yaml],
      pageType: "page",
    },
  ],
  src: [
    "/",
    "/index.md",
    "/other.vto",
  ],
}
`;

snapshot[`code_hightlight plugin 2`] = `[]`;

snapshot[`code_hightlight plugin 3`] = `
[
  {
    content: '<!DOCTYPE html>
<html><head></head><body>
<h1>Code highlight plugin testing</h1>
<pre><code class="language-html hljs language-xml"><span class="hljs-tag">&lt;<span class="hljs-name">p</span>&gt;</span>This is a HTML code<span class="hljs-tag">&lt;/<span class="hljs-name">p</span>&gt;</span>
</code></pre>
<pre><code>Not highlighted code
</code></pre>
<pre><code class="language-css hljs"><span class="hljs-selector-tag">p</span> {
  <span class="hljs-attribute">color</span>: red
}
</code></pre>
</body></html>',
    data: {
      basename: "index",
      children: '<h1>Code highlight plugin testing</h1>
<pre><code class="language-html">&lt;p&gt;This is a HTML code&lt;/p&gt;
</code></pre>
<pre><code>Not highlighted code
</code></pre>
<pre><code class="language-css">p {
  color: red
}
</code></pre>
',
      content: "# Code highlight plugin testing

\`\`\`html
<p>This is a HTML code</p>
\`\`\`

\`\`\`
Not highlighted code
\`\`\`

\`\`\`css
p {
  color: red
}
\`\`\`
",
      date: [],
      mergedKeys: [
        "tags",
      ],
      page: [
        "src",
        "data",
      ],
      paginate: "paginate",
      search: [],
      tags: "Array(0)",
      url: "/",
    },
    src: {
      asset: false,
      ext: ".md",
      path: "/index",
      remote: undefined,
    },
  },
  {
    content: '<!DOCTYPE html>
<html>
<body>
  <pre>Code inside a PRE</pre>
  <code>Code inside a CODE</code>
  <pre><code>Not highlighted code</code></pre>
  <pre class="language-css"><code class="hljs language-css"><span class="hljs-selector-tag">p</span> { <span class="hljs-attribute">display</span>: none }</code></pre>
</body>
</html>',
    data: {
      basename: "other",
      children: '<html>
<body>
  <pre>Code inside a PRE</pre>
  <code>Code inside a CODE</code>
  <pre><code>Not highlighted code</code></pre>
  <pre class="language-css"><code>p { display: none }</code></pre>
</body>
</html>',
      content: '<html>
<body>
  <pre>Code inside a PRE</pre>
  <code>Code inside a CODE</code>
  <pre><code>Not highlighted code</code></pre>
  <pre class="language-css"><code>p { display: none }</code></pre>
</body>
</html>',
      date: [],
      mergedKeys: [
        "tags",
      ],
      page: [
        "src",
        "data",
      ],
      paginate: "paginate",
      search: [],
      tags: "Array(0)",
      url: "/other/",
    },
    src: {
      asset: false,
      ext: ".vto",
      path: "/other",
      remote: undefined,
    },
  },
]
`;
