export const snapshot = {};

snapshot[`Katex plugin 1`] = `
{
  formats: [
    {
      engines: 0,
      ext: ".page.toml",
      loader: [AsyncFunction: toml],
      pageType: "page",
    },
    {
      engines: 1,
      ext: ".page.ts",
      loader: [AsyncFunction: module],
      pageType: "page",
    },
    {
      engines: 1,
      ext: ".page.js",
      loader: [AsyncFunction: module],
      pageType: "page",
    },
    {
      engines: 0,
      ext: ".page.jsonc",
      loader: [AsyncFunction: json],
      pageType: "page",
    },
    {
      engines: 0,
      ext: ".page.json",
      loader: [AsyncFunction: json],
      pageType: "page",
    },
    {
      dataLoader: [AsyncFunction: json],
      engines: 0,
      ext: ".json",
      loader: [AsyncFunction: json],
    },
    {
      dataLoader: [AsyncFunction: json],
      engines: 0,
      ext: ".jsonc",
      loader: [AsyncFunction: json],
    },
    {
      engines: 1,
      ext: ".md",
      loader: [AsyncFunction: text],
      pageType: "page",
    },
    {
      engines: 1,
      ext: ".markdown",
      loader: [AsyncFunction: text],
      pageType: "page",
    },
    {
      dataLoader: [AsyncFunction: module],
      engines: 1,
      ext: ".js",
      loader: [AsyncFunction: module],
    },
    {
      dataLoader: [AsyncFunction: module],
      engines: 1,
      ext: ".ts",
      loader: [AsyncFunction: module],
    },
    {
      engines: 1,
      ext: ".vento",
      loader: [AsyncFunction: text],
      pageType: "page",
    },
    {
      engines: 1,
      ext: ".vto",
      loader: [AsyncFunction: text],
      pageType: "page",
    },
    {
      dataLoader: [AsyncFunction: toml],
      engines: 0,
      ext: ".toml",
      loader: [AsyncFunction: toml],
    },
    {
      dataLoader: [AsyncFunction: yaml],
      engines: 0,
      ext: ".yaml",
      loader: [AsyncFunction: yaml],
      pageType: "page",
    },
    {
      dataLoader: [AsyncFunction: yaml],
      engines: 0,
      ext: ".yml",
      loader: [AsyncFunction: yaml],
      pageType: "page",
    },
  ],
  src: [
    "/",
    "/index.md",
  ],
}
`;

snapshot[`Katex plugin 2`] = `[]`;

snapshot[`Katex plugin 3`] = `
[
  {
    content: '<!DOCTYPE html>
<html><head></head><body>
<h1>Page title</h1>
<span class="katex-display"><span class="katex"><span class="katex-mathml"><math xmlns="http://www.w3.org/1998/Math/MathML" display="block"><semantics><mrow><mi>c</mi><mo>=</mo><mo>±</mo><msqrt><mrow><msup><mi>a</mi><mn>2</mn></msup><mo>+</mo><msup><mi>b</mi><mn>2</mn></msup></mrow></msqrt></mrow><annotation encoding="application/x-tex">c = \\\\pm\\\\sqrt{a^2 + b^2}
</annotation></semantics></math></span><span class="katex-html" aria-hidden="true"><span class="base"><span class="strut" style="height:0.4306em;"></span><span class="mord mathnormal">c</span><span class="mspace" style="margin-right:0.2778em;"></span><span class="mrel">=</span><span class="mspace" style="margin-right:0.2778em;"></span></span><span class="base"><span class="strut" style="height:1.24em;vertical-align:-0.1777em;"></span><span class="mord">±</span><span class="mord sqrt"><span class="vlist-t vlist-t2"><span class="vlist-r"><span class="vlist" style="height:1.0623em;"><span class="svg-align" style="top:-3.2em;"><span class="pstrut" style="height:3.2em;"></span><span class="mord" style="padding-left:1em;"><span class="mord"><span class="mord mathnormal">a</span><span class="msupsub"><span class="vlist-t"><span class="vlist-r"><span class="vlist" style="height:0.7401em;"><span style="top:-2.989em;margin-right:0.05em;"><span class="pstrut" style="height:2.7em;"></span><span class="sizing reset-size6 size3 mtight"><span class="mord mtight">2</span></span></span></span></span></span></span></span><span class="mspace" style="margin-right:0.2222em;"></span><span class="mbin">+</span><span class="mspace" style="margin-right:0.2222em;"></span><span class="mord"><span class="mord mathnormal">b</span><span class="msupsub"><span class="vlist-t"><span class="vlist-r"><span class="vlist" style="height:0.7401em;"><span style="top:-2.989em;margin-right:0.05em;"><span class="pstrut" style="height:2.7em;"></span><span class="sizing reset-size6 size3 mtight"><span class="mord mtight">2</span></span></span></span></span></span></span></span></span></span><span style="top:-3.0223em;"><span class="pstrut" style="height:3.2em;"></span><span class="hide-tail" style="min-width:1.02em;height:1.28em;"><svg xmlns="http://www.w3.org/2000/svg" width="400em" height="1.28em" viewBox="0 0 400000 1296" preserveAspectRatio="xMinYMin slice"><path d="M263,681c0.7,0,18,39.7,52,119
c34,79.3,68.167,158.7,102.5,238c34.3,79.3,51.8,119.3,52.5,120
c340,-704.7,510.7,-1060.3,512,-1067
l0 -0
c4.7,-7.3,11,-11,19,-11
H40000v40H1012.3
s-271.3,567,-271.3,567c-38.7,80.7,-84,175,-136,283c-52,108,-89.167,185.3,-111.5,232
c-22.3,46.7,-33.8,70.3,-34.5,71c-4.7,4.7,-12.3,7,-23,7s-12,-1,-12,-1
s-109,-253,-109,-253c-72.7,-168,-109.3,-252,-110,-252c-10.7,8,-22,16.7,-34,26
c-22,17.3,-33.3,26,-34,26s-26,-26,-26,-26s76,-59,76,-59s76,-60,76,-60z
M1001 80h400000v40h-400000z" /></svg></span></span></span><span class="vlist-s">​</span></span><span class="vlist-r"><span class="vlist" style="height:0.1777em;"><span></span></span></span></span></span></span></span></span></span>
<span class="katex-display"><span class="katex"><span class="katex-mathml"><math xmlns="http://www.w3.org/1998/Math/MathML" display="block"><semantics><mrow><mi>f</mi><mo stretchy="false">(</mo><mi>x</mi><mo stretchy="false">)</mo><mo>=</mo><msubsup><mo>∫</mo><mrow><mo>−</mo><mi mathvariant="normal">∞</mi></mrow><mi mathvariant="normal">∞</mi></msubsup><mover accent="true"><mi>f</mi><mo>^</mo></mover><mo stretchy="false">(</mo><mi>ξ</mi><mo stretchy="false">)</mo><mtext> </mtext><msup><mi>e</mi><mrow><mn>2</mn><mi>π</mi><mi>i</mi><mi>ξ</mi><mi>x</mi></mrow></msup><mtext> </mtext><mi>d</mi><mi>ξ</mi></mrow><annotation encoding="application/x-tex">
% \\\\f is defined as #1f(#2) using the macro
\\\\f\\\\relax{x} = \\\\int_{-\\\\infty}^\\\\infty
    \\\\f\\\\hat\\\\xi\\\\,e^{2 \\\\pi i \\\\xi x}
    \\\\,d\\\\xi
</annotation></semantics></math></span><span class="katex-html" aria-hidden="true"><span class="base"><span class="strut" style="height:1em;vertical-align:-0.25em;"></span><span class="mord mathnormal" style="margin-right:0.10764em;">f</span><span class="mopen">(</span><span class="mord mathnormal">x</span><span class="mclose">)</span><span class="mspace" style="margin-right:0.2778em;"></span><span class="mrel">=</span><span class="mspace" style="margin-right:0.2778em;"></span></span><span class="base"><span class="strut" style="height:2.3846em;vertical-align:-0.9703em;"></span><span class="mop"><span class="mop op-symbol large-op" style="margin-right:0.44445em;position:relative;top:-0.0011em;">∫</span><span class="msupsub"><span class="vlist-t vlist-t2"><span class="vlist-r"><span class="vlist" style="height:1.4143em;"><span style="top:-1.7881em;margin-left:-0.4445em;margin-right:0.05em;"><span class="pstrut" style="height:2.7em;"></span><span class="sizing reset-size6 size3 mtight"><span class="mord mtight"><span class="mord mtight">−</span><span class="mord mtight">∞</span></span></span></span><span style="top:-3.8129em;margin-right:0.05em;"><span class="pstrut" style="height:2.7em;"></span><span class="sizing reset-size6 size3 mtight"><span class="mord mtight">∞</span></span></span></span><span class="vlist-s">​</span></span><span class="vlist-r"><span class="vlist" style="height:0.9703em;"><span></span></span></span></span></span></span><span class="mspace" style="margin-right:0.1667em;"></span><span class="mord accent"><span class="vlist-t vlist-t2"><span class="vlist-r"><span class="vlist" style="height:0.9579em;"><span style="top:-3em;"><span class="pstrut" style="height:3em;"></span><span class="mord mathnormal" style="margin-right:0.10764em;">f</span></span><span style="top:-3.2634em;"><span class="pstrut" style="height:3em;"></span><span class="accent-body" style="left:-0.0833em;"><span class="mord">^</span></span></span></span><span class="vlist-s">​</span></span><span class="vlist-r"><span class="vlist" style="height:0.1944em;"><span></span></span></span></span></span><span class="mopen">(</span><span class="mord mathnormal" style="margin-right:0.04601em;">ξ</span><span class="mclose">)</span><span class="mspace" style="margin-right:0.1667em;"></span><span class="mord"><span class="mord mathnormal">e</span><span class="msupsub"><span class="vlist-t"><span class="vlist-r"><span class="vlist" style="height:0.8991em;"><span style="top:-3.113em;margin-right:0.05em;"><span class="pstrut" style="height:2.7em;"></span><span class="sizing reset-size6 size3 mtight"><span class="mord mtight"><span class="mord mtight">2</span><span class="mord mathnormal mtight">πi</span><span class="mord mathnormal mtight" style="margin-right:0.04601em;">ξ</span><span class="mord mathnormal mtight">x</span></span></span></span></span></span></span></span></span><span class="mspace" style="margin-right:0.1667em;"></span><span class="mord mathnormal">d</span><span class="mord mathnormal" style="margin-right:0.04601em;">ξ</span></span></span></span></span>
<div id="test">
  This is some text \$math \\\\frac12\$ other text \$\\\\unsupported\$
  <span class="blue">
  Other node <span><span class="katex-display"><span class="katex"><span class="katex-mathml"><math xmlns="http://www.w3.org/1998/Math/MathML" display="block"><semantics><mrow><mtext>displaymath</mtext><mfrac><mn>1</mn><mn>2</mn></mfrac></mrow><annotation encoding="application/x-tex"> \\\\text{displaymath} \\\\frac{1}{2} </annotation></semantics></math></span><span class="katex-html" aria-hidden="true"><span class="base"><span class="strut" style="height:2.0074em;vertical-align:-0.686em;"></span><span class="mord text"><span class="mord">displaymath</span></span><span class="mord"><span class="mopen nulldelimiter"></span><span class="mfrac"><span class="vlist-t vlist-t2"><span class="vlist-r"><span class="vlist" style="height:1.3214em;"><span style="top:-2.314em;"><span class="pstrut" style="height:3em;"></span><span class="mord"><span class="mord">2</span></span></span><span style="top:-3.23em;"><span class="pstrut" style="height:3em;"></span><span class="frac-line" style="border-bottom-width:0.04em;"></span></span><span style="top:-3.677em;"><span class="pstrut" style="height:3em;"></span><span class="mord"><span class="mord">1</span></span></span></span><span class="vlist-s">​</span></span><span class="vlist-r"><span class="vlist" style="height:0.686em;"><span></span></span></span></span></span><span class="mclose nulldelimiter"></span></span></span></span></span></span></span> blah <span><span class="katex-display"><span class="katex"><span class="katex-mathml"><math xmlns="http://www.w3.org/1998/Math/MathML" display="block"><semantics><mrow><msubsup><mo>∫</mo><mn>2</mn><mn>3</mn></msubsup></mrow><annotation encoding="application/x-tex"> \\\\int_2^3 </annotation></semantics></math></span><span class="katex-html" aria-hidden="true"><span class="base"><span class="strut" style="height:2.476em;vertical-align:-0.9119em;"></span><span class="mop"><span class="mop op-symbol large-op" style="margin-right:0.44445em;position:relative;top:-0.0011em;">∫</span><span class="msupsub"><span class="vlist-t vlist-t2"><span class="vlist-r"><span class="vlist" style="height:1.564em;"><span style="top:-1.7881em;margin-left:-0.4445em;margin-right:0.05em;"><span class="pstrut" style="height:2.7em;"></span><span class="sizing reset-size6 size3 mtight"><span class="mord mtight">2</span></span></span><span style="top:-3.8129em;margin-right:0.05em;"><span class="pstrut" style="height:2.7em;"></span><span class="sizing reset-size6 size3 mtight"><span class="mord mtight">3</span></span></span></span><span class="vlist-s">​</span></span><span class="vlist-r"><span class="vlist" style="height:0.9119em;"><span></span></span></span></span></span></span></span></span></span></span></span>
  </span>
  and some <!-- comment --> more text <span><span class="katex"><span class="katex-mathml"><math xmlns="http://www.w3.org/1998/Math/MathML"><semantics><mrow><mi>a</mi><mi>n</mi><mi>d</mi><mi>m</mi><mi>a</mi><mi>t</mi><mi>h</mi></mrow><annotation encoding="application/x-tex">and math</annotation></semantics></math></span><span class="katex-html" aria-hidden="true"><span class="base"><span class="strut" style="height:0.6944em;"></span><span class="mord mathnormal">an</span><span class="mord mathnormal">d</span><span class="mord mathnormal">ma</span><span class="mord mathnormal">t</span><span class="mord mathnormal">h</span></span></span></span></span> blah. And \$math with a
  \\\\\$ sign\$.
  <pre>
  Stuff in a \$pre tag\$
  </pre>
  <p>An AMS environment without <code>\$\$…\$\$</code> delimiters.</p>
  <p><span><span class="katex-display"><span class="katex"><span class="katex-mathml"><math xmlns="http://www.w3.org/1998/Math/MathML" display="block"><semantics><mtable rowspacing="0.16em" columnspacing="1em"><mtr><mtd class="mtr-glue"></mtd><mtd><mstyle scriptlevel="0" displaystyle="true"><mtable rowspacing="0.25em" columnalign="right left" columnspacing="0em"><mtr><mtd><mstyle scriptlevel="0" displaystyle="true"><mi>a</mi></mstyle></mtd><mtd><mstyle scriptlevel="0" displaystyle="true"><mrow><mrow></mrow><mo>=</mo><mi>b</mi><mo>+</mo><mi>c</mi></mrow></mstyle></mtd></mtr><mtr><mtd><mstyle scriptlevel="0" displaystyle="true"><mrow></mrow></mstyle></mtd><mtd><mstyle scriptlevel="0" displaystyle="true"><mrow><mrow></mrow><mo>=</mo><mi>e</mi><mo>+</mo><mi>f</mi></mrow></mstyle></mtd></mtr></mtable></mstyle></mtd><mtd class="mtr-glue"></mtd><mtd class="mml-eqn-num"></mtd></mtr></mtable><annotation encoding="application/x-tex">\\\\begin{equation} \\\\begin{split} a &amp;=b+c\\\\\\\\ &amp;=e+f \\\\end{split} \\\\end{equation}</annotation></semantics></math></span><span class="katex-html" aria-hidden="true"><span class="base"><span class="strut" style="height:3em;vertical-align:-1.25em;"></span><span class="mtable"><span class="col-align-c"><span class="vlist-t vlist-t2"><span class="vlist-r"><span class="vlist" style="height:1.75em;"><span style="top:-3.75em;"><span class="pstrut" style="height:3.75em;"></span><span class="mord"><span class="mord"><span class="mtable"><span class="col-align-r"><span class="vlist-t vlist-t2"><span class="vlist-r"><span class="vlist" style="height:1.75em;"><span style="top:-3.91em;"><span class="pstrut" style="height:3em;"></span><span class="mord"><span class="mord mathnormal">a</span></span></span><span style="top:-2.41em;"><span class="pstrut" style="height:3em;"></span><span class="mord"></span></span></span><span class="vlist-s">​</span></span><span class="vlist-r"><span class="vlist" style="height:1.25em;"><span></span></span></span></span></span><span class="col-align-l"><span class="vlist-t vlist-t2"><span class="vlist-r"><span class="vlist" style="height:1.75em;"><span style="top:-3.91em;"><span class="pstrut" style="height:3em;"></span><span class="mord"><span class="mord"></span><span class="mspace" style="margin-right:0.2778em;"></span><span class="mrel">=</span><span class="mspace" style="margin-right:0.2778em;"></span><span class="mord mathnormal">b</span><span class="mspace" style="margin-right:0.2222em;"></span><span class="mbin">+</span><span class="mspace" style="margin-right:0.2222em;"></span><span class="mord mathnormal">c</span></span></span><span style="top:-2.41em;"><span class="pstrut" style="height:3em;"></span><span class="mord"><span class="mord"></span><span class="mspace" style="margin-right:0.2778em;"></span><span class="mrel">=</span><span class="mspace" style="margin-right:0.2778em;"></span><span class="mord mathnormal">e</span><span class="mspace" style="margin-right:0.2222em;"></span><span class="mbin">+</span><span class="mspace" style="margin-right:0.2222em;"></span><span class="mord mathnormal" style="margin-right:0.10764em;">f</span></span></span></span><span class="vlist-s">​</span></span><span class="vlist-r"><span class="vlist" style="height:1.25em;"><span></span></span></span></span></span></span></span></span></span></span><span class="vlist-s">​</span></span><span class="vlist-r"><span class="vlist" style="height:1.25em;"><span></span></span></span></span></span></span></span><span class="tag"><span class="vlist-t vlist-t2"><span class="vlist-r"><span class="vlist" style="height:1.75em;"><span style="top:-3.75em;"><span class="pstrut" style="height:3.75em;"></span><span class="eqn-num"></span></span></span><span class="vlist-s">​</span></span><span class="vlist-r"><span class="vlist" style="height:1.25em;"><span></span></span></span></span></span></span></span></span></span></p>
</div>
</body></html>',
    data: {
      basename: "index",
      children: '<h1>Page title</h1>
<pre><code class="language-math">c = \\\\pm\\\\sqrt{a^2 + b^2}
</code></pre>
<div class="language-math">
% \\\\f is defined as #1f(#2) using the macro
\\\\f\\\\relax{x} = \\\\int_{-\\\\infty}^\\\\infty
    \\\\f\\\\hat\\\\xi\\\\,e^{2 \\\\pi i \\\\xi x}
    \\\\,d\\\\xi
</div>
<div id="test">
  This is some text \$math \\\\frac12\$ other text \$\\\\unsupported\$
  <span class="blue">
  Other node \\\\[ \\\\text{displaymath} \\\\frac{1}{2} \\\\] blah \$\$ \\\\int_2^3 \$\$
  </span>
  and some <!-- comment --> more text \\\\(and math\\\\) blah. And \$math with a
  \\\\\$ sign\$.
  <pre>
  Stuff in a \$pre tag\$
  </pre>
  <p>An AMS environment without <code>\$\$…\$\$</code> delimiters.</p>
  <p>\\\\begin{equation} \\\\begin{split} a &=b+c\\\\\\\\ &=e+f \\\\end{split} \\\\end{equation}</p>
</div>
',
      content: '# Page title

\`\`\`math
c = \\\\pm\\\\sqrt{a^2 + b^2}
\`\`\`

<div class="language-math">
% \\\\f is defined as #1f(#2) using the macro
\\\\f\\\\relax{x} = \\\\int_{-\\\\infty}^\\\\infty
    \\\\f\\\\hat\\\\xi\\\\,e^{2 \\\\pi i \\\\xi x}
    \\\\,d\\\\xi
</div>

<div id="test">
  This is some text \$math \\\\frac12\$ other text \$\\\\unsupported\$
  <span class="blue">
  Other node \\\\[ \\\\text{displaymath} \\\\frac{1}{2} \\\\] blah \$\$ \\\\int_2^3 \$\$
  </span>
  and some <!-- comment --> more text \\\\(and math\\\\) blah. And \$math with a
  \\\\\$ sign\$.
  <pre>
  Stuff in a \$pre tag\$
  </pre>
  <p>An AMS environment without <code>\$\$…\$\$</code> delimiters.</p>
  <p>\\\\begin{equation} \\\\begin{split} a &=b+c\\\\\\\\ &=e+f \\\\end{split} \\\\end{equation}</p>
</div>
',
      date: [],
      mergedKeys: [
        "tags",
      ],
      page: [
        "src",
        "data",
      ],
      paginate: "paginate",
      search: [],
      tags: "Array(0)",
      url: "/",
    },
    src: {
      asset: false,
      ext: ".md",
      path: "/index",
      remote: undefined,
    },
  },
]
`;
