export const snapshot = {};

snapshot[`picture plugin 1`] = `
{
  formats: [
    {
      engines: 0,
      ext: ".page.toml",
      loader: [AsyncFunction: toml],
      pageType: "page",
    },
    {
      engines: 1,
      ext: ".page.ts",
      loader: [AsyncFunction: module],
      pageType: "page",
    },
    {
      engines: 1,
      ext: ".page.js",
      loader: [AsyncFunction: module],
      pageType: "page",
    },
    {
      engines: 0,
      ext: ".page.jsonc",
      loader: [AsyncFunction: json],
      pageType: "page",
    },
    {
      engines: 0,
      ext: ".page.json",
      loader: [AsyncFunction: json],
      pageType: "page",
    },
    {
      dataLoader: [AsyncFunction: json],
      engines: 0,
      ext: ".json",
      loader: [AsyncFunction: json],
    },
    {
      dataLoader: [AsyncFunction: json],
      engines: 0,
      ext: ".jsonc",
      loader: [AsyncFunction: json],
    },
    {
      engines: 1,
      ext: ".md",
      loader: [AsyncFunction: text],
      pageType: "page",
    },
    {
      engines: 1,
      ext: ".markdown",
      loader: [AsyncFunction: text],
      pageType: "page",
    },
    {
      dataLoader: [AsyncFunction: module],
      engines: 1,
      ext: ".js",
      loader: [AsyncFunction: module],
    },
    {
      dataLoader: [AsyncFunction: module],
      engines: 1,
      ext: ".ts",
      loader: [AsyncFunction: module],
    },
    {
      engines: 1,
      ext: ".vento",
      loader: [AsyncFunction: text],
      pageType: "page",
    },
    {
      engines: 1,
      ext: ".vto",
      loader: [AsyncFunction: text],
      pageType: "page",
    },
    {
      dataLoader: [AsyncFunction: toml],
      engines: 0,
      ext: ".toml",
      loader: [AsyncFunction: toml],
    },
    {
      dataLoader: [AsyncFunction: yaml],
      engines: 0,
      ext: ".yaml",
      loader: [AsyncFunction: yaml],
      pageType: "page",
    },
    {
      dataLoader: [AsyncFunction: yaml],
      engines: 0,
      ext: ".yml",
      loader: [AsyncFunction: yaml],
      pageType: "page",
    },
    {
      assetLoader: [AsyncFunction: binary],
      engines: undefined,
      ext: ".jpg",
      pageType: "asset",
    },
    {
      assetLoader: [AsyncFunction: binary],
      engines: undefined,
      ext: ".jpeg",
      pageType: "asset",
    },
    {
      assetLoader: [AsyncFunction: binary],
      engines: undefined,
      ext: ".png",
      pageType: "asset",
    },
    {
      assetLoader: [AsyncFunction: binary],
      engines: undefined,
      ext: ".webp",
      pageType: "asset",
    },
  ],
  src: [
    "/",
    "/index.vto",
    "/kevin schmid unsplash.jpg",
  ],
}
`;

snapshot[`picture plugin 2`] = `[]`;

snapshot[`picture plugin 3`] = `
[
  {
    content: \`<!DOCTYPE html>
<html>
<head>
  <title>Demo</title>
</head>

<body>

  <!-- without sizes -->
  <div>
    <img srcset="/kevin%20schmid%20unsplash-600w@2.png 2x" src="/kevin%20schmid%20unsplash-600w.png">
  </div>


  <picture>
    <source type="image/avif" srcset="/kevin%20schmid%20unsplash-600w.avif, /kevin%20schmid%20unsplash-600w@2.avif 2x"><source type="image/webp" srcset="/kevin%20schmid%20unsplash-600w.webp, /kevin%20schmid%20unsplash-600w@2.webp 2x"><img srcset="/kevin%20schmid%20unsplash-600w@2.jpg 2x" src="/kevin%20schmid%20unsplash-600w.jpg">
  </picture>

  <!-- This image will be converted to a picture -->
  <picture><source type="image/avif" srcset="/kevin%20schmid%20unsplash-300w.avif, /kevin%20schmid%20unsplash-300w@2.avif 2x"><source type="image/webp" srcset="/kevin%20schmid%20unsplash-300w.webp, /kevin%20schmid%20unsplash-300w@2.webp 2x"><img srcset="/kevin%20schmid%20unsplash-300w@2.jpg 2x" src="/kevin%20schmid%20unsplash-300w.jpg"></picture>

  <!-- This image won't be converted to a picture -->
  <img src="/kevin%20schmid%20unsplash.avif">

  <!-- with sizes -->
  <div>
    <img srcset="/kevin%20schmid%20unsplash-600w@2.png 1200w" src="/kevin%20schmid%20unsplash-600w.png 600w" sizes="600px">
  </div>


  <picture>
    <source sizes="600px" type="image/avif" srcset="/kevin%20schmid%20unsplash-600w.avif 600w, /kevin%20schmid%20unsplash-600w@2.avif 1200w"><source sizes="600px" type="image/webp" srcset="/kevin%20schmid%20unsplash-600w.webp 600w, /kevin%20schmid%20unsplash-600w@2.webp 1200w"><img srcset="/kevin%20schmid%20unsplash-600w@2.jpg 1200w" src="/kevin%20schmid%20unsplash-600w.jpg 600w" sizes="600px">
  </picture>

  <!-- This image will be converted to a picture -->
  <picture><source sizes="600px" type="image/avif" srcset="/kevin%20schmid%20unsplash-300w.avif 300w, /kevin%20schmid%20unsplash-300w@2.avif 600w"><source sizes="600px" type="image/webp" srcset="/kevin%20schmid%20unsplash-300w.webp 300w, /kevin%20schmid%20unsplash-300w@2.webp 600w"><img srcset="/kevin%20schmid%20unsplash-300w@2.jpg 600w" src="/kevin%20schmid%20unsplash-300w.jpg 300w" sizes="600px"></picture>
</body>
</html>\`,
    data: {
      basename: "index",
      children: \`<!doctype html>
<html>
<head>
  <title>Demo</title>
</head>

<body>

  <!-- without sizes -->
  <div transform-images="png 600@2">
    <img src="/kevin schmid unsplash.jpg">
  </div>


  <picture transform-images="avif webp jpg 600@2">
    <img src="/kevin schmid unsplash.jpg">
  </picture>

  <!-- This image will be converted to a picture -->
  <img src="/kevin schmid unsplash.jpg" transform-images="avif webp jpg 300@2">

  <!-- This image won't be converted to a picture -->
  <img src="/kevin schmid unsplash.jpg" transform-images="avif">

  <!-- with sizes -->
  <div transform-images="png 600@2">
    <img src="/kevin schmid unsplash.jpg" sizes="600px">
  </div>


  <picture transform-images="avif webp jpg 600@2">
    <img src="/kevin schmid unsplash.jpg" sizes="600px">
  </picture>

  <!-- This image will be converted to a picture -->
  <img src="/kevin schmid unsplash.jpg" transform-images="avif webp jpg 300@2" sizes="600px">
</body>
</html>
\`,
      content: \`<!doctype html>
<html>
<head>
  <title>Demo</title>
</head>

<body>

  <!-- without sizes -->
  <div transform-images="png 600@2">
    <img src="/kevin schmid unsplash.jpg">
  </div>


  <picture transform-images="avif webp jpg 600@2">
    <img src="/kevin schmid unsplash.jpg">
  </picture>

  <!-- This image will be converted to a picture -->
  <img src="/kevin schmid unsplash.jpg" transform-images="avif webp jpg 300@2">

  <!-- This image won't be converted to a picture -->
  <img src="/kevin schmid unsplash.jpg" transform-images="avif">

  <!-- with sizes -->
  <div transform-images="png 600@2">
    <img src="/kevin schmid unsplash.jpg" sizes="600px">
  </div>


  <picture transform-images="avif webp jpg 600@2">
    <img src="/kevin schmid unsplash.jpg" sizes="600px">
  </picture>

  <!-- This image will be converted to a picture -->
  <img src="/kevin schmid unsplash.jpg" transform-images="avif webp jpg 300@2" sizes="600px">
</body>
</html>
\`,
      date: [],
      mergedKeys: [
        "tags",
      ],
      page: [
        "src",
        "data",
      ],
      paginate: "paginate",
      search: [],
      tags: "Array(0)",
      url: "/",
    },
    src: {
      asset: false,
      ext: ".vto",
      path: "/index",
      remote: undefined,
    },
  },
  {
    content: "Uint8Array(281995)",
    data: {
      basename: "kevin schmid unsplash",
      content: "Uint8Array(139102)",
      date: [],
      mergedKeys: [
        "tags",
      ],
      page: [
        "src",
        "data",
      ],
      paginate: "paginate",
      search: [],
      tags: "Array(0)",
      transformImages: "undefined",
      url: "/kevin schmid unsplash-600w.png",
    },
    src: {
      asset: true,
      ext: ".jpg",
      path: "/kevin schmid unsplash[0]",
      remote: undefined,
    },
  },
  {
    content: "Uint8Array(3368)",
    data: {
      basename: "kevin schmid unsplash",
      content: "Uint8Array(139102)",
      date: [],
      mergedKeys: [
        "tags",
      ],
      page: [
        "src",
        "data",
      ],
      paginate: "paginate",
      search: [],
      tags: "Array(0)",
      transformImages: "undefined",
      url: "/kevin schmid unsplash-300w.webp",
    },
    src: {
      asset: true,
      ext: ".jpg",
      path: "/kevin schmid unsplash[10]",
      remote: undefined,
    },
  },
  {
    content: "Uint8Array(8056)",
    data: {
      basename: "kevin schmid unsplash",
      content: "Uint8Array(139102)",
      date: [],
      mergedKeys: [
        "tags",
      ],
      page: [
        "src",
        "data",
      ],
      paginate: "paginate",
      search: [],
      tags: "Array(0)",
      transformImages: "undefined",
      url: "/kevin schmid unsplash-300w@2.webp",
    },
    src: {
      asset: true,
      ext: ".jpg",
      path: "/kevin schmid unsplash[11]",
      remote: undefined,
    },
  },
  {
    content: "Uint8Array(6615)",
    data: {
      basename: "kevin schmid unsplash",
      content: "Uint8Array(139102)",
      date: [],
      mergedKeys: [
        "tags",
      ],
      page: [
        "src",
        "data",
      ],
      paginate: "paginate",
      search: [],
      tags: "Array(0)",
      transformImages: "undefined",
      url: "/kevin schmid unsplash-300w.jpg",
    },
    src: {
      asset: true,
      ext: ".jpg",
      path: "/kevin schmid unsplash[12]",
      remote: undefined,
    },
  },
  {
    content: "Uint8Array(17393)",
    data: {
      basename: "kevin schmid unsplash",
      content: "Uint8Array(139102)",
      date: [],
      mergedKeys: [
        "tags",
      ],
      page: [
        "src",
        "data",
      ],
      paginate: "paginate",
      search: [],
      tags: "Array(0)",
      transformImages: "undefined",
      url: "/kevin schmid unsplash-300w@2.jpg",
    },
    src: {
      asset: true,
      ext: ".jpg",
      path: "/kevin schmid unsplash[13]",
      remote: undefined,
    },
  },
  {
    content: "Uint8Array(12701)",
    data: {
      basename: "kevin schmid unsplash",
      content: "Uint8Array(139102)",
      date: [],
      mergedKeys: [
        "tags",
      ],
      page: [
        "src",
        "data",
      ],
      paginate: "paginate",
      search: [],
      tags: "Array(0)",
      transformImages: "undefined",
      url: "/kevin schmid unsplash.avif",
    },
    src: {
      asset: true,
      ext: ".jpg",
      path: "/kevin schmid unsplash[14]",
      remote: undefined,
    },
  },
  {
    content: "Uint8Array(822727)",
    data: {
      basename: "kevin schmid unsplash",
      content: "Uint8Array(139102)",
      date: [],
      mergedKeys: [
        "tags",
      ],
      page: [
        "src",
        "data",
      ],
      paginate: "paginate",
      search: [],
      tags: "Array(0)",
      transformImages: "undefined",
      url: "/kevin schmid unsplash-600w@2.png",
    },
    src: {
      asset: true,
      ext: ".jpg",
      path: "/kevin schmid unsplash[1]",
      remote: undefined,
    },
  },
  {
    content: "Uint8Array(3653)",
    data: {
      basename: "kevin schmid unsplash",
      content: "Uint8Array(139102)",
      date: [],
      mergedKeys: [
        "tags",
      ],
      page: [
        "src",
        "data",
      ],
      paginate: "paginate",
      search: [],
      tags: "Array(0)",
      transformImages: "undefined",
      url: "/kevin schmid unsplash-600w.avif",
    },
    src: {
      asset: true,
      ext: ".jpg",
      path: "/kevin schmid unsplash[2]",
      remote: undefined,
    },
  },
  {
    content: "Uint8Array(7369)",
    data: {
      basename: "kevin schmid unsplash",
      content: "Uint8Array(139102)",
      date: [],
      mergedKeys: [
        "tags",
      ],
      page: [
        "src",
        "data",
      ],
      paginate: "paginate",
      search: [],
      tags: "Array(0)",
      transformImages: "undefined",
      url: "/kevin schmid unsplash-600w@2.avif",
    },
    src: {
      asset: true,
      ext: ".jpg",
      path: "/kevin schmid unsplash[3]",
      remote: undefined,
    },
  },
  {
    content: "Uint8Array(8056)",
    data: {
      basename: "kevin schmid unsplash",
      content: "Uint8Array(139102)",
      date: [],
      mergedKeys: [
        "tags",
      ],
      page: [
        "src",
        "data",
      ],
      paginate: "paginate",
      search: [],
      tags: "Array(0)",
      transformImages: "undefined",
      url: "/kevin schmid unsplash-600w.webp",
    },
    src: {
      asset: true,
      ext: ".jpg",
      path: "/kevin schmid unsplash[4]",
      remote: undefined,
    },
  },
  {
    content: "Uint8Array(19756)",
    data: {
      basename: "kevin schmid unsplash",
      content: "Uint8Array(139102)",
      date: [],
      mergedKeys: [
        "tags",
      ],
      page: [
        "src",
        "data",
      ],
      paginate: "paginate",
      search: [],
      tags: "Array(0)",
      transformImages: "undefined",
      url: "/kevin schmid unsplash-600w@2.webp",
    },
    src: {
      asset: true,
      ext: ".jpg",
      path: "/kevin schmid unsplash[5]",
      remote: undefined,
    },
  },
  {
    content: "Uint8Array(17393)",
    data: {
      basename: "kevin schmid unsplash",
      content: "Uint8Array(139102)",
      date: [],
      mergedKeys: [
        "tags",
      ],
      page: [
        "src",
        "data",
      ],
      paginate: "paginate",
      search: [],
      tags: "Array(0)",
      transformImages: "undefined",
      url: "/kevin schmid unsplash-600w.jpg",
    },
    src: {
      asset: true,
      ext: ".jpg",
      path: "/kevin schmid unsplash[6]",
      remote: undefined,
    },
  },
  {
    content: "Uint8Array(46947)",
    data: {
      basename: "kevin schmid unsplash",
      content: "Uint8Array(139102)",
      date: [],
      mergedKeys: [
        "tags",
      ],
      page: [
        "src",
        "data",
      ],
      paginate: "paginate",
      search: [],
      tags: "Array(0)",
      transformImages: "undefined",
      url: "/kevin schmid unsplash-600w@2.jpg",
    },
    src: {
      asset: true,
      ext: ".jpg",
      path: "/kevin schmid unsplash[7]",
      remote: undefined,
    },
  },
  {
    content: "Uint8Array(1980)",
    data: {
      basename: "kevin schmid unsplash",
      content: "Uint8Array(139102)",
      date: [],
      mergedKeys: [
        "tags",
      ],
      page: [
        "src",
        "data",
      ],
      paginate: "paginate",
      search: [],
      tags: "Array(0)",
      transformImages: "undefined",
      url: "/kevin schmid unsplash-300w.avif",
    },
    src: {
      asset: true,
      ext: ".jpg",
      path: "/kevin schmid unsplash[8]",
      remote: undefined,
    },
  },
  {
    content: "Uint8Array(3653)",
    data: {
      basename: "kevin schmid unsplash",
      content: "Uint8Array(139102)",
      date: [],
      mergedKeys: [
        "tags",
      ],
      page: [
        "src",
        "data",
      ],
      paginate: "paginate",
      search: [],
      tags: "Array(0)",
      transformImages: "undefined",
      url: "/kevin schmid unsplash-300w@2.avif",
    },
    src: {
      asset: true,
      ext: ".jpg",
      path: "/kevin schmid unsplash[9]",
      remote: undefined,
    },
  },
]
`;
